Traceback (most recent call last):
  File "/Users/benno/Documents/ud/projects/generative-metadata/semsynth/.venv/lib/python3.11/site-packages/jupyter_cache/executors/utils.py", line 58, in single_nb_execution
    executenb(
  File "/Users/benno/Documents/ud/projects/generative-metadata/semsynth/.venv/lib/python3.11/site-packages/nbclient/client.py", line 1323, in execute
    return NotebookClient(nb=nb, resources=resources, km=km, **kwargs).execute()
           ^^^^^^^^^^^^^^^^^^^^^^^^^^^^^^^^^^^^^^^^^^^^^^^^^^^^^^^^^^^^^^^^^^^^^
  File "/Users/benno/Documents/ud/projects/generative-metadata/semsynth/.venv/lib/python3.11/site-packages/jupyter_core/utils/__init__.py", line 165, in wrapped
    return loop.run_until_complete(inner)
           ^^^^^^^^^^^^^^^^^^^^^^^^^^^^^^
  File "/usr/local/Cellar/python@3.11/3.11.11/Frameworks/Python.framework/Versions/3.11/lib/python3.11/asyncio/base_events.py", line 654, in run_until_complete
    return future.result()
           ^^^^^^^^^^^^^^^
  File "/Users/benno/Documents/ud/projects/generative-metadata/semsynth/.venv/lib/python3.11/site-packages/nbclient/client.py", line 709, in async_execute
    await self.async_execute_cell(
  File "/Users/benno/Documents/ud/projects/generative-metadata/semsynth/.venv/lib/python3.11/site-packages/nbclient/client.py", line 1062, in async_execute_cell
    await self._check_raise_for_error(cell, cell_index, exec_reply)
  File "/Users/benno/Documents/ud/projects/generative-metadata/semsynth/.venv/lib/python3.11/site-packages/nbclient/client.py", line 918, in _check_raise_for_error
    raise CellExecutionError.from_cell_and_msg(cell, exec_reply_content)
nbclient.exceptions.CellExecutionError: An error occurred while executing the following cell:
------------------
# Inspect a tiny inlined TOML snippet to show which backends will run.
from semsynth.models import load_model_configs, parse_toml_config

toml_text = """
[pipeline]
generate_umap = true
compute_privacy = false

[[models]]
name = "metasyn"
backend = "metasyn"

[[models]]
name = "clg_mi2"
backend = "pybnesian"
"""
config = parse_toml_config(toml_text)
bundle = load_model_configs(config_data=config)
[(spec.name, spec.backend) for spec in bundle.models][:3]
------------------


[31m---------------------------------------------------------------------------[39m
[31mAttributeError[39m                            Traceback (most recent call last)
[36mCell[39m[36m [39m[32mIn[2][39m[32m, line 19[39m
[32m     17[39m config = parse_toml_config(toml_text)
[32m     18[39m bundle = load_model_configs(config_data=config)
[32m---> [39m[32m19[39m [(spec.name, spec.backend) [38;5;28;01mfor[39;00m spec [38;5;129;01min[39;00m [43mbundle[49m[43m.[49m[43mmodels[49m][:[32m3[39m]

[31mAttributeError[39m: 'ModelConfigBundle' object has no attribute 'models'

