Traceback (most recent call last):
  File "/Users/benno/Documents/ud/projects/generative-metadata/semsynth/.venv/lib/python3.11/site-packages/jupyter_cache/executors/utils.py", line 58, in single_nb_execution
    executenb(
  File "/Users/benno/Documents/ud/projects/generative-metadata/semsynth/.venv/lib/python3.11/site-packages/nbclient/client.py", line 1323, in execute
    return NotebookClient(nb=nb, resources=resources, km=km, **kwargs).execute()
           ^^^^^^^^^^^^^^^^^^^^^^^^^^^^^^^^^^^^^^^^^^^^^^^^^^^^^^^^^^^^^^^^^^^^^
  File "/Users/benno/Documents/ud/projects/generative-metadata/semsynth/.venv/lib/python3.11/site-packages/jupyter_core/utils/__init__.py", line 165, in wrapped
    return loop.run_until_complete(inner)
           ^^^^^^^^^^^^^^^^^^^^^^^^^^^^^^
  File "/usr/local/Cellar/python@3.11/3.11.11/Frameworks/Python.framework/Versions/3.11/lib/python3.11/asyncio/base_events.py", line 654, in run_until_complete
    return future.result()
           ^^^^^^^^^^^^^^^
  File "/Users/benno/Documents/ud/projects/generative-metadata/semsynth/.venv/lib/python3.11/site-packages/nbclient/client.py", line 709, in async_execute
    await self.async_execute_cell(
  File "/Users/benno/Documents/ud/projects/generative-metadata/semsynth/.venv/lib/python3.11/site-packages/nbclient/client.py", line 1062, in async_execute_cell
    await self._check_raise_for_error(cell, cell_index, exec_reply)
  File "/Users/benno/Documents/ud/projects/generative-metadata/semsynth/.venv/lib/python3.11/site-packages/nbclient/client.py", line 918, in _check_raise_for_error
    raise CellExecutionError.from_cell_and_msg(cell, exec_reply_content)
nbclient.exceptions.CellExecutionError: An error occurred while executing the following cell:
------------------
import pandas as pd

heart = pd.read_csv("downloads-cache/uciml/45.csv.gz")
heart.head()
------------------


[31m---------------------------------------------------------------------------[39m
[31mFileNotFoundError[39m                         Traceback (most recent call last)
[36mCell[39m[36m [39m[32mIn[1][39m[32m, line 3[39m
[32m      1[39m [38;5;28;01mimport[39;00m[38;5;250m [39m[34;01mpandas[39;00m[38;5;250m [39m[38;5;28;01mas[39;00m[38;5;250m [39m[34;01mpd[39;00m
[32m----> [39m[32m3[39m heart = [43mpd[49m[43m.[49m[43mread_csv[49m[43m([49m[33;43m"[39;49m[33;43mdownloads-cache/uciml/45.csv.gz[39;49m[33;43m"[39;49m[43m)[49m
[32m      4[39m heart.head()

[36mFile [39m[32m~/Documents/ud/projects/generative-metadata/semsynth/.venv/lib/python3.11/site-packages/pandas/io/parsers/readers.py:1026[39m, in [36mread_csv[39m[34m(filepath_or_buffer, sep, delimiter, header, names, index_col, usecols, dtype, engine, converters, true_values, false_values, skipinitialspace, skiprows, skipfooter, nrows, na_values, keep_default_na, na_filter, verbose, skip_blank_lines, parse_dates, infer_datetime_format, keep_date_col, date_parser, date_format, dayfirst, cache_dates, iterator, chunksize, compression, thousands, decimal, lineterminator, quotechar, quoting, doublequote, escapechar, comment, encoding, encoding_errors, dialect, on_bad_lines, delim_whitespace, low_memory, memory_map, float_precision, storage_options, dtype_backend)[39m
[32m   1013[39m kwds_defaults = _refine_defaults_read(
[32m   1014[39m     dialect,
[32m   1015[39m     delimiter,
[32m   (...)[39m[32m   1022[39m     dtype_backend=dtype_backend,
[32m   1023[39m )
[32m   1024[39m kwds.update(kwds_defaults)
[32m-> [39m[32m1026[39m [38;5;28;01mreturn[39;00m [43m_read[49m[43m([49m[43mfilepath_or_buffer[49m[43m,[49m[43m [49m[43mkwds[49m[43m)[49m

[36mFile [39m[32m~/Documents/ud/projects/generative-metadata/semsynth/.venv/lib/python3.11/site-packages/pandas/io/parsers/readers.py:620[39m, in [36m_read[39m[34m(filepath_or_buffer, kwds)[39m
[32m    617[39m _validate_names(kwds.get([33m"[39m[33mnames[39m[33m"[39m, [38;5;28;01mNone[39;00m))
[32m    619[39m [38;5;66;03m# Create the parser.[39;00m
[32m--> [39m[32m620[39m parser = [43mTextFileReader[49m[43m([49m[43mfilepath_or_buffer[49m[43m,[49m[43m [49m[43m*[49m[43m*[49m[43mkwds[49m[43m)[49m
[32m    622[39m [38;5;28;01mif[39;00m chunksize [38;5;129;01mor[39;00m iterator:
[32m    623[39m     [38;5;28;01mreturn[39;00m parser

[36mFile [39m[32m~/Documents/ud/projects/generative-metadata/semsynth/.venv/lib/python3.11/site-packages/pandas/io/parsers/readers.py:1620[39m, in [36mTextFileReader.__init__[39m[34m(self, f, engine, **kwds)[39m
[32m   1617[39m     [38;5;28mself[39m.options[[33m"[39m[33mhas_index_names[39m[33m"[39m] = kwds[[33m"[39m[33mhas_index_names[39m[33m"[39m]
[32m   1619[39m [38;5;28mself[39m.handles: IOHandles | [38;5;28;01mNone[39;00m = [38;5;28;01mNone[39;00m
[32m-> [39m[32m1620[39m [38;5;28mself[39m._engine = [38;5;28;43mself[39;49m[43m.[49m[43m_make_engine[49m[43m([49m[43mf[49m[43m,[49m[43m [49m[38;5;28;43mself[39;49m[43m.[49m[43mengine[49m[43m)[49m

[36mFile [39m[32m~/Documents/ud/projects/generative-metadata/semsynth/.venv/lib/python3.11/site-packages/pandas/io/parsers/readers.py:1880[39m, in [36mTextFileReader._make_engine[39m[34m(self, f, engine)[39m
[32m   1878[39m     [38;5;28;01mif[39;00m [33m"[39m[33mb[39m[33m"[39m [38;5;129;01mnot[39;00m [38;5;129;01min[39;00m mode:
[32m   1879[39m         mode += [33m"[39m[33mb[39m[33m"[39m
[32m-> [39m[32m1880[39m [38;5;28mself[39m.handles = [43mget_handle[49m[43m([49m
[32m   1881[39m [43m    [49m[43mf[49m[43m,[49m
[32m   1882[39m [43m    [49m[43mmode[49m[43m,[49m
[32m   1883[39m [43m    [49m[43mencoding[49m[43m=[49m[38;5;28;43mself[39;49m[43m.[49m[43moptions[49m[43m.[49m[43mget[49m[43m([49m[33;43m"[39;49m[33;43mencoding[39;49m[33;43m"[39;49m[43m,[49m[43m [49m[38;5;28;43;01mNone[39;49;00m[43m)[49m[43m,[49m
[32m   1884[39m [43m    [49m[43mcompression[49m[43m=[49m[38;5;28;43mself[39;49m[43m.[49m[43moptions[49m[43m.[49m[43mget[49m[43m([49m[33;43m"[39;49m[33;43mcompression[39;49m[33;43m"[39;49m[43m,[49m[43m [49m[38;5;28;43;01mNone[39;49;00m[43m)[49m[43m,[49m
[32m   1885[39m [43m    [49m[43mmemory_map[49m[43m=[49m[38;5;28;43mself[39;49m[43m.[49m[43moptions[49m[43m.[49m[43mget[49m[43m([49m[33;43m"[39;49m[33;43mmemory_map[39;49m[33;43m"[39;49m[43m,[49m[43m [49m[38;5;28;43;01mFalse[39;49;00m[43m)[49m[43m,[49m
[32m   1886[39m [43m    [49m[43mis_text[49m[43m=[49m[43mis_text[49m[43m,[49m
[32m   1887[39m [43m    [49m[43merrors[49m[43m=[49m[38;5;28;43mself[39;49m[43m.[49m[43moptions[49m[43m.[49m[43mget[49m[43m([49m[33;43m"[39;49m[33;43mencoding_errors[39;49m[33;43m"[39;49m[43m,[49m[43m [49m[33;43m"[39;49m[33;43mstrict[39;49m[33;43m"[39;49m[43m)[49m[43m,[49m
[32m   1888[39m [43m    [49m[43mstorage_options[49m[43m=[49m[38;5;28;43mself[39;49m[43m.[49m[43moptions[49m[43m.[49m[43mget[49m[43m([49m[33;43m"[39;49m[33;43mstorage_options[39;49m[33;43m"[39;49m[43m,[49m[43m [49m[38;5;28;43;01mNone[39;49;00m[43m)[49m[43m,[49m
[32m   1889[39m [43m[49m[43m)[49m
[32m   1890[39m [38;5;28;01massert[39;00m [38;5;28mself[39m.handles [38;5;129;01mis[39;00m [38;5;129;01mnot[39;00m [38;5;28;01mNone[39;00m
[32m   1891[39m f = [38;5;28mself[39m.handles.handle

[36mFile [39m[32m~/Documents/ud/projects/generative-metadata/semsynth/.venv/lib/python3.11/site-packages/pandas/io/common.py:765[39m, in [36mget_handle[39m[34m(path_or_buf, mode, encoding, compression, memory_map, is_text, errors, storage_options)[39m
[32m    761[39m [38;5;28;01mif[39;00m compression == [33m"[39m[33mgzip[39m[33m"[39m:
[32m    762[39m     [38;5;28;01mif[39;00m [38;5;28misinstance[39m(handle, [38;5;28mstr[39m):
[32m    763[39m         [38;5;66;03m# error: Incompatible types in assignment (expression has type[39;00m
[32m    764[39m         [38;5;66;03m# "GzipFile", variable has type "Union[str, BaseBuffer]")[39;00m
[32m--> [39m[32m765[39m         handle = [43mgzip[49m[43m.[49m[43mGzipFile[49m[43m([49m[43m  [49m[38;5;66;43;03m# type: ignore[assignment][39;49;00m
[32m    766[39m [43m            [49m[43mfilename[49m[43m=[49m[43mhandle[49m[43m,[49m
[32m    767[39m [43m            [49m[43mmode[49m[43m=[49m[43mioargs[49m[43m.[49m[43mmode[49m[43m,[49m
[32m    768[39m [43m            [49m[43m*[49m[43m*[49m[43mcompression_args[49m[43m,[49m
[32m    769[39m [43m        [49m[43m)[49m
[32m    770[39m     [38;5;28;01melse[39;00m:
[32m    771[39m         handle = gzip.GzipFile(
[32m    772[39m             [38;5;66;03m# No overload variant of "GzipFile" matches argument types[39;00m
[32m    773[39m             [38;5;66;03m# "Union[str, BaseBuffer]", "str", "Dict[str, Any]"[39;00m
[32m   (...)[39m[32m    776[39m             **compression_args,
[32m    777[39m         )

[36mFile [39m[32m/usr/local/Cellar/python@3.11/3.11.11/Frameworks/Python.framework/Versions/3.11/lib/python3.11/gzip.py:174[39m, in [36mGzipFile.__init__[39m[34m(self, filename, mode, compresslevel, fileobj, mtime)[39m
[32m    172[39m     mode += [33m'[39m[33mb[39m[33m'[39m
[32m    173[39m [38;5;28;01mif[39;00m fileobj [38;5;129;01mis[39;00m [38;5;28;01mNone[39;00m:
[32m--> [39m[32m174[39m     fileobj = [38;5;28mself[39m.myfileobj = [43mbuiltins[49m[43m.[49m[43mopen[49m[43m([49m[43mfilename[49m[43m,[49m[43m [49m[43mmode[49m[43m [49m[38;5;129;43;01mor[39;49;00m[43m [49m[33;43m'[39;49m[33;43mrb[39;49m[33;43m'[39;49m[43m)[49m
[32m    175[39m [38;5;28;01mif[39;00m filename [38;5;129;01mis[39;00m [38;5;28;01mNone[39;00m:
[32m    176[39m     filename = [38;5;28mgetattr[39m(fileobj, [33m'[39m[33mname[39m[33m'[39m, [33m'[39m[33m'[39m)

[31mFileNotFoundError[39m: [Errno 2] No such file or directory: 'downloads-cache/uciml/45.csv.gz'

