Traceback (most recent call last):
  File "/Users/benno/Documents/ud/projects/generative-metadata/semsynth/.venv/lib/python3.11/site-packages/jupyter_cache/executors/utils.py", line 58, in single_nb_execution
    executenb(
  File "/Users/benno/Documents/ud/projects/generative-metadata/semsynth/.venv/lib/python3.11/site-packages/nbclient/client.py", line 1323, in execute
    return NotebookClient(nb=nb, resources=resources, km=km, **kwargs).execute()
           ^^^^^^^^^^^^^^^^^^^^^^^^^^^^^^^^^^^^^^^^^^^^^^^^^^^^^^^^^^^^^^^^^^^^^
  File "/Users/benno/Documents/ud/projects/generative-metadata/semsynth/.venv/lib/python3.11/site-packages/jupyter_core/utils/__init__.py", line 165, in wrapped
    return loop.run_until_complete(inner)
           ^^^^^^^^^^^^^^^^^^^^^^^^^^^^^^
  File "/usr/local/Cellar/python@3.11/3.11.11/Frameworks/Python.framework/Versions/3.11/lib/python3.11/asyncio/base_events.py", line 654, in run_until_complete
    return future.result()
           ^^^^^^^^^^^^^^^
  File "/Users/benno/Documents/ud/projects/generative-metadata/semsynth/.venv/lib/python3.11/site-packages/nbclient/client.py", line 709, in async_execute
    await self.async_execute_cell(
  File "/Users/benno/Documents/ud/projects/generative-metadata/semsynth/.venv/lib/python3.11/site-packages/nbclient/client.py", line 1062, in async_execute_cell
    await self._check_raise_for_error(cell, cell_index, exec_reply)
  File "/Users/benno/Documents/ud/projects/generative-metadata/semsynth/.venv/lib/python3.11/site-packages/nbclient/client.py", line 918, in _check_raise_for_error
    raise CellExecutionError.from_cell_and_msg(cell, exec_reply_content)
nbclient.exceptions.CellExecutionError: An error occurred while executing the following cell:
------------------
import json
from collections import Counter

meta = json.load(open("mappings/uciml-45.metadata.json"))
codes = []
for col in meta["datasetSchema"]["columns"]:
    cb = col.get("columnProperty", {}).get("hasCodeBook") or {}
    concepts = cb.get("hasConcept") or []
    codes.extend([c.get("notation") for c in concepts if isinstance(c, dict) and c.get("notation")])

Counter(codes).most_common(5)
------------------


[31m---------------------------------------------------------------------------[39m
[31mFileNotFoundError[39m                         Traceback (most recent call last)
[36mCell[39m[36m [39m[32mIn[1][39m[32m, line 4[39m
[32m      1[39m [38;5;28;01mimport[39;00m[38;5;250m [39m[34;01mjson[39;00m
[32m      2[39m [38;5;28;01mfrom[39;00m[38;5;250m [39m[34;01mcollections[39;00m[38;5;250m [39m[38;5;28;01mimport[39;00m Counter
[32m----> [39m[32m4[39m meta = json.load([38;5;28;43mopen[39;49m[43m([49m[33;43m"[39;49m[33;43mmappings/uciml-45.metadata.json[39;49m[33;43m"[39;49m[43m)[49m)
[32m      5[39m codes = []
[32m      6[39m [38;5;28;01mfor[39;00m col [38;5;129;01min[39;00m meta[[33m"[39m[33mdatasetSchema[39m[33m"[39m][[33m"[39m[33mcolumns[39m[33m"[39m]:

[36mFile [39m[32m~/Documents/ud/projects/generative-metadata/semsynth/.venv/lib/python3.11/site-packages/IPython/core/interactiveshell.py:344[39m, in [36m_modified_open[39m[34m(file, *args, **kwargs)[39m
[32m    337[39m [38;5;28;01mif[39;00m file [38;5;129;01min[39;00m {[32m0[39m, [32m1[39m, [32m2[39m}:
[32m    338[39m     [38;5;28;01mraise[39;00m [38;5;167;01mValueError[39;00m(
[32m    339[39m         [33mf[39m[33m"[39m[33mIPython won[39m[33m'[39m[33mt let you open fd=[39m[38;5;132;01m{[39;00mfile[38;5;132;01m}[39;00m[33m by default [39m[33m"[39m
[32m    340[39m         [33m"[39m[33mas it is likely to crash IPython. If you know what you are doing, [39m[33m"[39m
[32m    341[39m         [33m"[39m[33myou can use builtins[39m[33m'[39m[33m open.[39m[33m"[39m
[32m    342[39m     )
[32m--> [39m[32m344[39m [38;5;28;01mreturn[39;00m [43mio_open[49m[43m([49m[43mfile[49m[43m,[49m[43m [49m[43m*[49m[43margs[49m[43m,[49m[43m [49m[43m*[49m[43m*[49m[43mkwargs[49m[43m)[49m

[31mFileNotFoundError[39m: [Errno 2] No such file or directory: 'mappings/uciml-45.metadata.json'

