Traceback (most recent call last):
  File "/Users/benno/Documents/ud/projects/generative-metadata/semsynth/.venv/lib/python3.11/site-packages/jupyter_cache/executors/utils.py", line 58, in single_nb_execution
    executenb(
  File "/Users/benno/Documents/ud/projects/generative-metadata/semsynth/.venv/lib/python3.11/site-packages/nbclient/client.py", line 1323, in execute
    return NotebookClient(nb=nb, resources=resources, km=km, **kwargs).execute()
           ^^^^^^^^^^^^^^^^^^^^^^^^^^^^^^^^^^^^^^^^^^^^^^^^^^^^^^^^^^^^^^^^^^^^^
  File "/Users/benno/Documents/ud/projects/generative-metadata/semsynth/.venv/lib/python3.11/site-packages/jupyter_core/utils/__init__.py", line 165, in wrapped
    return loop.run_until_complete(inner)
           ^^^^^^^^^^^^^^^^^^^^^^^^^^^^^^
  File "/usr/local/Cellar/python@3.11/3.11.11/Frameworks/Python.framework/Versions/3.11/lib/python3.11/asyncio/base_events.py", line 654, in run_until_complete
    return future.result()
           ^^^^^^^^^^^^^^^
  File "/Users/benno/Documents/ud/projects/generative-metadata/semsynth/.venv/lib/python3.11/site-packages/nbclient/client.py", line 709, in async_execute
    await self.async_execute_cell(
  File "/Users/benno/Documents/ud/projects/generative-metadata/semsynth/.venv/lib/python3.11/site-packages/nbclient/client.py", line 1062, in async_execute_cell
    await self._check_raise_for_error(cell, cell_index, exec_reply)
  File "/Users/benno/Documents/ud/projects/generative-metadata/semsynth/.venv/lib/python3.11/site-packages/nbclient/client.py", line 918, in _check_raise_for_error
    raise CellExecutionError.from_cell_and_msg(cell, exec_reply_content)
nbclient.exceptions.CellExecutionError: An error occurred while executing the following cell:
------------------
import json
from semsynth.semmap import Metadata

meta = Metadata.from_dcat_dsv(json.load(open("../mappings/uciml-45.metadata.json")))
[(c.name, c.statisticalDataType) for c in meta.datasetSchema.columns[:5]]
------------------


[31m---------------------------------------------------------------------------[39m
[31mAttributeError[39m                            Traceback (most recent call last)
[36mCell[39m[36m [39m[32mIn[1][39m[32m, line 5[39m
[32m      2[39m [38;5;28;01mfrom[39;00m[38;5;250m [39m[34;01msemsynth[39;00m[34;01m.[39;00m[34;01msemmap[39;00m[38;5;250m [39m[38;5;28;01mimport[39;00m Metadata
[32m      4[39m meta = Metadata.from_dcat_dsv(json.load([38;5;28mopen[39m([33m"[39m[33m../mappings/uciml-45.metadata.json[39m[33m"[39m)))
[32m----> [39m[32m5[39m [43m[[49m[43m([49m[43mc[49m[43m.[49m[43mname[49m[43m,[49m[43m [49m[43mc[49m[43m.[49m[43mstatisticalDataType[49m[43m)[49m[43m [49m[38;5;28;43;01mfor[39;49;00m[43m [49m[43mc[49m[43m [49m[38;5;129;43;01min[39;49;00m[43m [49m[43mmeta[49m[43m.[49m[43mdatasetSchema[49m[43m.[49m[43mcolumns[49m[43m[[49m[43m:[49m[32;43m5[39;49m[43m][49m[43m][49m

[36mCell[39m[36m [39m[32mIn[1][39m[32m, line 5[39m, in [36m<listcomp>[39m[34m(.0)[39m
[32m      2[39m [38;5;28;01mfrom[39;00m[38;5;250m [39m[34;01msemsynth[39;00m[34;01m.[39;00m[34;01msemmap[39;00m[38;5;250m [39m[38;5;28;01mimport[39;00m Metadata
[32m      4[39m meta = Metadata.from_dcat_dsv(json.load([38;5;28mopen[39m([33m"[39m[33m../mappings/uciml-45.metadata.json[39m[33m"[39m)))
[32m----> [39m[32m5[39m [(c.name, [43mc[49m[43m.[49m[43mstatisticalDataType[49m) [38;5;28;01mfor[39;00m c [38;5;129;01min[39;00m meta.datasetSchema.columns[:[32m5[39m]]

[31mAttributeError[39m: 'Column' object has no attribute 'statisticalDataType'

